======================================================================
  EKSPERYMENT: transfer_resnet18_s1
======================================================================
Środowisko:
  data_uruchomienia: 2026-06-29 09:05:00
  system: Windows-10-10.0.19045-SP0
  python: 3.12.1
  procesor: Intel64 Family 6 Model 141 Stepping 1, GenuineIntel
  torch: 2.6.0+cu124
  cuda_dostepne: True
  gpu: NVIDIA GeForce RTX 3070 Laptop GPU
  gpu_pamiec_GB: 8.0
  wersja_torchvision: 0.21.0+cu124
  wersja_sklearn: 1.9.0
  wersja_xgboost: 3.3.0
  wersja_mediapipe: 0.10.35
  wersja_cv2: 4.13.0
  wersja_numpy: 2.5.0

Argumenty wywołania:
  --model: transfer
  --data: ./fer2013
  --epochs: 60
  --batch_size: 64
  --lr: 0.001
  --tag: resnet18_s1
  --backbone: resnet18
  --variant: lite
  --classifier: svm
  --no_pretrained: False
  --seed: 1

Hiperparametry (TrainConfig):
  epochs: 60
  batch_size: 64
  lr: 0.001
  weight_decay: 0.0001
  patience: 10
  val_split: 0.1
  num_workers: 2
  use_class_weights: True
  label_smoothing: 0.05
  mixed_precision: True
  extra: {}
----------------------------------------------------------------------
Urządzenie: cuda
Liczności klas (train): [3613, 389, 3676, 6488, 4324, 2849, 4500]

=== ETAP 1: ekstrakcja cech (zamrożony backbone) ===
[Uczenie transferowe (resnet18) [etap1]] epoka   1/15 | strata_tren=2.0355 strata_wal=1.9296 acc_wal=0.3066 f1_wal=0.2643 | 56.1s
[Uczenie transferowe (resnet18) [etap1]] epoka   2/15 | strata_tren=1.9538 strata_wal=1.8905 acc_wal=0.3300 f1_wal=0.2818 | 45.3s
[Uczenie transferowe (resnet18) [etap1]] epoka   3/15 | strata_tren=1.9350 strata_wal=1.8734 acc_wal=0.3035 f1_wal=0.2590 | 43.5s
[Uczenie transferowe (resnet18) [etap1]] epoka   4/15 | strata_tren=1.9295 strata_wal=1.8623 acc_wal=0.2606 f1_wal=0.2411 | 42.5s
[Uczenie transferowe (resnet18) [etap1]] epoka   5/15 | strata_tren=1.9253 strata_wal=1.8609 acc_wal=0.3038 f1_wal=0.2628 | 42.3s
[Uczenie transferowe (resnet18) [etap1]] epoka   6/15 | strata_tren=1.9176 strata_wal=1.8626 acc_wal=0.3509 f1_wal=0.3104 | 42.0s
[Uczenie transferowe (resnet18) [etap1]] epoka   7/15 | strata_tren=1.9190 strata_wal=1.8686 acc_wal=0.3512 f1_wal=0.2981 | 42.3s
[Uczenie transferowe (resnet18) [etap1]] epoka   8/15 | strata_tren=1.9077 strata_wal=1.8467 acc_wal=0.3404 f1_wal=0.2994 | 42.0s
[Uczenie transferowe (resnet18) [etap1]] epoka   9/15 | strata_tren=1.8999 strata_wal=1.8483 acc_wal=0.3495 f1_wal=0.2926 | 42.1s
[Uczenie transferowe (resnet18) [etap1]] epoka  10/15 | strata_tren=1.9001 strata_wal=1.8508 acc_wal=0.3383 f1_wal=0.2888 | 41.9s
[Uczenie transferowe (resnet18) [etap1]] epoka  11/15 | strata_tren=1.9051 strata_wal=1.8448 acc_wal=0.3376 f1_wal=0.2903 | 41.4s
[Uczenie transferowe (resnet18) [etap1]] epoka  12/15 | strata_tren=1.8936 strata_wal=1.8480 acc_wal=0.3526 f1_wal=0.2967 | 41.7s
[Uczenie transferowe (resnet18) [etap1]] epoka  13/15 | strata_tren=1.8871 strata_wal=1.8410 acc_wal=0.3394 f1_wal=0.2914 | 41.9s
[Uczenie transferowe (resnet18) [etap1]] epoka  14/15 | strata_tren=1.8996 strata_wal=1.8398 acc_wal=0.3415 f1_wal=0.2918 | 41.3s
[Uczenie transferowe (resnet18) [etap1]] epoka  15/15 | strata_tren=1.8992 strata_wal=1.8426 acc_wal=0.3383 f1_wal=0.2901 | 42.5s

=== ETAP 2: fine-tuning (odmrożone górne warstwy) ===
[Uczenie transferowe (resnet18) [etap2]] epoka   1/60 | strata_tren=1.8570 strata_wal=1.7220 acc_wal=0.4321 f1_wal=0.3636 | 44.7s
[Uczenie transferowe (resnet18) [etap2]] epoka   2/60 | strata_tren=1.6758 strata_wal=1.5140 acc_wal=0.4770 f1_wal=0.4153 | 44.0s
[Uczenie transferowe (resnet18) [etap2]] epoka   3/60 | strata_tren=1.5350 strata_wal=1.3940 acc_wal=0.5463 f1_wal=0.4931 | 43.0s
[Uczenie transferowe (resnet18) [etap2]] epoka   4/60 | strata_tren=1.4502 strata_wal=1.3640 acc_wal=0.5735 f1_wal=0.5234 | 42.9s
[Uczenie transferowe (resnet18) [etap2]] epoka   5/60 | strata_tren=1.3849 strata_wal=1.3188 acc_wal=0.5934 f1_wal=0.5377 | 42.7s
[Uczenie transferowe (resnet18) [etap2]] epoka   6/60 | strata_tren=1.3386 strata_wal=1.3028 acc_wal=0.6178 f1_wal=0.5733 | 46.8s
[Uczenie transferowe (resnet18) [etap2]] epoka   7/60 | strata_tren=1.2875 strata_wal=1.2969 acc_wal=0.6028 f1_wal=0.5512 | 45.3s
[Uczenie transferowe (resnet18) [etap2]] epoka   8/60 | strata_tren=1.2504 strata_wal=1.2700 acc_wal=0.6265 f1_wal=0.5914 | 44.0s
[Uczenie transferowe (resnet18) [etap2]] epoka   9/60 | strata_tren=1.2304 strata_wal=1.2661 acc_wal=0.6293 f1_wal=0.5911 | 43.6s
[Uczenie transferowe (resnet18) [etap2]] epoka  10/60 | strata_tren=1.2080 strata_wal=1.2449 acc_wal=0.6467 f1_wal=0.6125 | 45.5s
[Uczenie transferowe (resnet18) [etap2]] epoka  11/60 | strata_tren=1.1696 strata_wal=1.2511 acc_wal=0.6446 f1_wal=0.6134 | 45.6s
[Uczenie transferowe (resnet18) [etap2]] epoka  12/60 | strata_tren=1.1537 strata_wal=1.2170 acc_wal=0.6502 f1_wal=0.6222 | 42.9s
[Uczenie transferowe (resnet18) [etap2]] epoka  13/60 | strata_tren=1.1214 strata_wal=1.2369 acc_wal=0.6585 f1_wal=0.6292 | 43.7s
[Uczenie transferowe (resnet18) [etap2]] epoka  14/60 | strata_tren=1.0959 strata_wal=1.2418 acc_wal=0.6537 f1_wal=0.6259 | 43.3s
[Uczenie transferowe (resnet18) [etap2]] epoka  15/60 | strata_tren=1.0730 strata_wal=1.2412 acc_wal=0.6467 f1_wal=0.6126 | 42.8s
[Uczenie transferowe (resnet18) [etap2]] epoka  16/60 | strata_tren=1.0503 strata_wal=1.2205 acc_wal=0.6683 f1_wal=0.6533 | 42.1s
[Uczenie transferowe (resnet18) [etap2]] epoka  17/60 | strata_tren=1.0260 strata_wal=1.2566 acc_wal=0.6624 f1_wal=0.6490 | 41.9s
[Uczenie transferowe (resnet18) [etap2]] epoka  18/60 | strata_tren=0.9952 strata_wal=1.2550 acc_wal=0.6564 f1_wal=0.6430 | 41.8s
[Uczenie transferowe (resnet18) [etap2]] epoka  19/60 | strata_tren=0.9742 strata_wal=1.2617 acc_wal=0.6659 f1_wal=0.6427 | 41.9s
[Uczenie transferowe (resnet18) [etap2]] epoka  20/60 | strata_tren=0.9546 strata_wal=1.2601 acc_wal=0.6784 f1_wal=0.6739 | 41.9s
[Uczenie transferowe (resnet18) [etap2]] epoka  21/60 | strata_tren=0.9302 strata_wal=1.2784 acc_wal=0.6603 f1_wal=0.6546 | 42.0s
[Uczenie transferowe (resnet18) [etap2]] epoka  22/60 | strata_tren=0.8999 strata_wal=1.2884 acc_wal=0.6662 f1_wal=0.6653 | 42.5s
[Uczenie transferowe (resnet18) [etap2]] epoka  23/60 | strata_tren=0.8780 strata_wal=1.2950 acc_wal=0.6564 f1_wal=0.6589 | 51.2s
[Uczenie transferowe (resnet18) [etap2]] epoka  24/60 | strata_tren=0.8598 strata_wal=1.3193 acc_wal=0.6617 f1_wal=0.6538 | 45.2s
[Uczenie transferowe (resnet18) [etap2]] epoka  25/60 | strata_tren=0.8472 strata_wal=1.3011 acc_wal=0.6659 f1_wal=0.6617 | 42.9s
[Uczenie transferowe (resnet18) [etap2]] epoka  26/60 | strata_tren=0.8275 strata_wal=1.3151 acc_wal=0.6624 f1_wal=0.6559 | 43.7s
[Uczenie transferowe (resnet18) [etap2]] epoka  27/60 | strata_tren=0.8013 strata_wal=1.3251 acc_wal=0.6725 f1_wal=0.6607 | 43.5s
[Uczenie transferowe (resnet18) [etap2]] epoka  28/60 | strata_tren=0.7786 strata_wal=1.3525 acc_wal=0.6606 f1_wal=0.6576 | 42.7s
[Uczenie transferowe (resnet18) [etap2]] epoka  29/60 | strata_tren=0.7656 strata_wal=1.3470 acc_wal=0.6655 f1_wal=0.6625 | 43.5s
[Uczenie transferowe (resnet18) [etap2]] epoka  30/60 | strata_tren=0.7482 strata_wal=1.3581 acc_wal=0.6704 f1_wal=0.6710 | 43.9s
[Uczenie transferowe (resnet18) [etap2]] early stopping po 30 epokach.

=== EWALUACJA (zbiór testowy) ===
              precision    recall  f1-score   support

       złość     0.6212    0.5752    0.5973       958
      wstręt     0.6260    0.6937    0.6581       111
      strach     0.5161    0.5000    0.5079      1024
      radość     0.9071    0.8089    0.8552      1774
      smutek     0.5292    0.5373    0.5332      1247
 zaskoczenie     0.7804    0.8039    0.7919       831
   neutralny     0.5815    0.6942    0.6329      1233

    accuracy                         0.6644      7178
   macro avg     0.6516    0.6590    0.6538      7178
weighted avg     0.6726    0.6644    0.6667      7178

Accuracy=0.6644 | F1-macro=0.6538 | inferencja=2.15 ms | parametry=11,152,647

[dokumentacja] Raport per-klasa zapisany: C:\Users\Kuba\PycharmProjects\wykrywanie_emocji\results\logs\transfer_resnet18_s1_raport_per_klasa.txt

Całkowity czas eksperymentu: 1986.7 s (33.1 min)
