======================================================================
  EKSPERYMENT: transfer_resnet50_s1
======================================================================
Środowisko:
  data_uruchomienia: 2026-06-29 10:57:56
  system: Windows-10-10.0.19045-SP0
  python: 3.12.1
  procesor: Intel64 Family 6 Model 141 Stepping 1, GenuineIntel
  torch: 2.6.0+cu124
  cuda_dostepne: True
  gpu: NVIDIA GeForce RTX 3070 Laptop GPU
  gpu_pamiec_GB: 8.0
  wersja_torchvision: 0.21.0+cu124
  wersja_sklearn: 1.9.0
  wersja_xgboost: 3.3.0
  wersja_mediapipe: 0.10.35
  wersja_cv2: 4.13.0
  wersja_numpy: 2.5.0

Argumenty wywołania:
  --model: transfer
  --data: ./fer2013
  --epochs: 60
  --batch_size: 64
  --lr: 0.001
  --tag: resnet50_s1
  --backbone: resnet50
  --variant: lite
  --classifier: svm
  --no_pretrained: False
  --seed: 1

Hiperparametry (TrainConfig):
  epochs: 60
  batch_size: 64
  lr: 0.001
  weight_decay: 0.0001
  patience: 10
  val_split: 0.1
  num_workers: 2
  use_class_weights: True
  label_smoothing: 0.05
  mixed_precision: True
  extra: {}
----------------------------------------------------------------------
Urządzenie: cuda
Liczności klas (train): [3613, 389, 3676, 6488, 4324, 2849, 4500]

=== ETAP 1: ekstrakcja cech (zamrożony backbone) ===
[Uczenie transferowe (resnet50) [etap1]] epoka   1/15 | strata_tren=2.0183 strata_wal=1.8768 acc_wal=0.2819 f1_wal=0.2540 | 46.8s
[Uczenie transferowe (resnet50) [etap1]] epoka   2/15 | strata_tren=1.9303 strata_wal=1.8737 acc_wal=0.3449 f1_wal=0.2982 | 45.2s
[Uczenie transferowe (resnet50) [etap1]] epoka   3/15 | strata_tren=1.9122 strata_wal=1.8430 acc_wal=0.3348 f1_wal=0.2955 | 43.7s
[Uczenie transferowe (resnet50) [etap1]] epoka   4/15 | strata_tren=1.9000 strata_wal=1.8234 acc_wal=0.3425 f1_wal=0.3101 | 43.6s
[Uczenie transferowe (resnet50) [etap1]] epoka   5/15 | strata_tren=1.8869 strata_wal=1.8135 acc_wal=0.3352 f1_wal=0.3048 | 43.9s
[Uczenie transferowe (resnet50) [etap1]] epoka   6/15 | strata_tren=1.8806 strata_wal=1.8069 acc_wal=0.3540 f1_wal=0.3103 | 44.8s
[Uczenie transferowe (resnet50) [etap1]] epoka   7/15 | strata_tren=1.8725 strata_wal=1.8087 acc_wal=0.3833 f1_wal=0.3285 | 45.2s
[Uczenie transferowe (resnet50) [etap1]] epoka   8/15 | strata_tren=1.8690 strata_wal=1.7829 acc_wal=0.3237 f1_wal=0.3003 | 47.7s
[Uczenie transferowe (resnet50) [etap1]] epoka   9/15 | strata_tren=1.8657 strata_wal=1.7814 acc_wal=0.3345 f1_wal=0.3121 | 47.2s
[Uczenie transferowe (resnet50) [etap1]] epoka  10/15 | strata_tren=1.8657 strata_wal=1.7767 acc_wal=0.3474 f1_wal=0.3133 | 47.4s
[Uczenie transferowe (resnet50) [etap1]] epoka  11/15 | strata_tren=1.8578 strata_wal=1.7741 acc_wal=0.3704 f1_wal=0.3266 | 48.0s
[Uczenie transferowe (resnet50) [etap1]] epoka  12/15 | strata_tren=1.8497 strata_wal=1.7733 acc_wal=0.3700 f1_wal=0.3285 | 48.0s
[Uczenie transferowe (resnet50) [etap1]] epoka  13/15 | strata_tren=1.8510 strata_wal=1.7781 acc_wal=0.3666 f1_wal=0.3283 | 47.1s
[Uczenie transferowe (resnet50) [etap1]] epoka  14/15 | strata_tren=1.8443 strata_wal=1.7726 acc_wal=0.3725 f1_wal=0.3318 | 45.7s
[Uczenie transferowe (resnet50) [etap1]] epoka  15/15 | strata_tren=1.8506 strata_wal=1.7729 acc_wal=0.3669 f1_wal=0.3287 | 44.1s

=== ETAP 2: fine-tuning (odmrożone górne warstwy) ===
[Uczenie transferowe (resnet50) [etap2]] epoka   1/60 | strata_tren=1.8081 strata_wal=1.6878 acc_wal=0.4300 f1_wal=0.3817 | 47.0s
[Uczenie transferowe (resnet50) [etap2]] epoka   2/60 | strata_tren=1.6818 strata_wal=1.5307 acc_wal=0.4972 f1_wal=0.4402 | 46.7s
[Uczenie transferowe (resnet50) [etap2]] epoka   3/60 | strata_tren=1.5445 strata_wal=1.4072 acc_wal=0.5366 f1_wal=0.4772 | 46.7s
[Uczenie transferowe (resnet50) [etap2]] epoka   4/60 | strata_tren=1.4333 strata_wal=1.3419 acc_wal=0.5777 f1_wal=0.5360 | 47.9s
[Uczenie transferowe (resnet50) [etap2]] epoka   5/60 | strata_tren=1.3565 strata_wal=1.2817 acc_wal=0.6045 f1_wal=0.5655 | 48.6s
[Uczenie transferowe (resnet50) [etap2]] epoka   6/60 | strata_tren=1.2991 strata_wal=1.2699 acc_wal=0.6195 f1_wal=0.5816 | 48.5s
[Uczenie transferowe (resnet50) [etap2]] epoka   7/60 | strata_tren=1.2544 strata_wal=1.2620 acc_wal=0.6244 f1_wal=0.5921 | 48.5s
[Uczenie transferowe (resnet50) [etap2]] epoka   8/60 | strata_tren=1.2114 strata_wal=1.2431 acc_wal=0.6272 f1_wal=0.5812 | 48.7s
[Uczenie transferowe (resnet50) [etap2]] epoka   9/60 | strata_tren=1.1675 strata_wal=1.2199 acc_wal=0.6456 f1_wal=0.6172 | 48.4s
[Uczenie transferowe (resnet50) [etap2]] epoka  10/60 | strata_tren=1.1448 strata_wal=1.2227 acc_wal=0.6498 f1_wal=0.6290 | 50.6s
[Uczenie transferowe (resnet50) [etap2]] epoka  11/60 | strata_tren=1.1005 strata_wal=1.2060 acc_wal=0.6571 f1_wal=0.6325 | 51.5s
[Uczenie transferowe (resnet50) [etap2]] epoka  12/60 | strata_tren=1.0787 strata_wal=1.2220 acc_wal=0.6554 f1_wal=0.6336 | 51.4s
[Uczenie transferowe (resnet50) [etap2]] epoka  13/60 | strata_tren=1.0410 strata_wal=1.2114 acc_wal=0.6589 f1_wal=0.6440 | 51.8s
[Uczenie transferowe (resnet50) [etap2]] epoka  14/60 | strata_tren=1.0100 strata_wal=1.2126 acc_wal=0.6652 f1_wal=0.6500 | 51.7s
[Uczenie transferowe (resnet50) [etap2]] epoka  15/60 | strata_tren=0.9869 strata_wal=1.2214 acc_wal=0.6707 f1_wal=0.6519 | 52.4s
[Uczenie transferowe (resnet50) [etap2]] epoka  16/60 | strata_tren=0.9611 strata_wal=1.2406 acc_wal=0.6718 f1_wal=0.6539 | 51.6s
[Uczenie transferowe (resnet50) [etap2]] epoka  17/60 | strata_tren=0.9217 strata_wal=1.2266 acc_wal=0.6683 f1_wal=0.6617 | 47.9s
[Uczenie transferowe (resnet50) [etap2]] epoka  18/60 | strata_tren=0.8995 strata_wal=1.2421 acc_wal=0.6735 f1_wal=0.6750 | 48.0s
[Uczenie transferowe (resnet50) [etap2]] epoka  19/60 | strata_tren=0.8757 strata_wal=1.2674 acc_wal=0.6767 f1_wal=0.6734 | 47.9s
[Uczenie transferowe (resnet50) [etap2]] epoka  20/60 | strata_tren=0.8489 strata_wal=1.2595 acc_wal=0.6784 f1_wal=0.6676 | 47.8s
[Uczenie transferowe (resnet50) [etap2]] epoka  21/60 | strata_tren=0.8213 strata_wal=1.2894 acc_wal=0.6774 f1_wal=0.6699 | 48.7s
[Uczenie transferowe (resnet50) [etap2]] epoka  22/60 | strata_tren=0.8011 strata_wal=1.2957 acc_wal=0.6697 f1_wal=0.6672 | 51.4s
[Uczenie transferowe (resnet50) [etap2]] epoka  23/60 | strata_tren=0.7777 strata_wal=1.3174 acc_wal=0.6704 f1_wal=0.6568 | 51.6s
[Uczenie transferowe (resnet50) [etap2]] epoka  24/60 | strata_tren=0.7587 strata_wal=1.3362 acc_wal=0.6728 f1_wal=0.6601 | 51.5s
[Uczenie transferowe (resnet50) [etap2]] epoka  25/60 | strata_tren=0.7386 strata_wal=1.3382 acc_wal=0.6767 f1_wal=0.6710 | 51.6s
[Uczenie transferowe (resnet50) [etap2]] epoka  26/60 | strata_tren=0.7203 strata_wal=1.3369 acc_wal=0.6777 f1_wal=0.6716 | 51.2s
[Uczenie transferowe (resnet50) [etap2]] epoka  27/60 | strata_tren=0.6996 strata_wal=1.3735 acc_wal=0.6791 f1_wal=0.6746 | 51.5s
[Uczenie transferowe (resnet50) [etap2]] epoka  28/60 | strata_tren=0.6875 strata_wal=1.3663 acc_wal=0.6791 f1_wal=0.6720 | 52.4s
[Uczenie transferowe (resnet50) [etap2]] early stopping po 28 epokach.

=== EWALUACJA (zbiór testowy) ===
              precision    recall  f1-score   support

       złość     0.5865    0.5877    0.5871       958
      wstręt     0.6423    0.7117    0.6752       111
      strach     0.5545    0.5068    0.5296      1024
      radość     0.8969    0.8439    0.8696      1774
      smutek     0.5266    0.5397    0.5331      1247
 zaskoczenie     0.7685    0.7990    0.7835       831
   neutralny     0.5957    0.6513    0.6222      1233

    accuracy                         0.6684      7178
   macro avg     0.6530    0.6629    0.6572      7178
weighted avg     0.6718    0.6684    0.6695      7178

Accuracy=0.6684 | F1-macro=0.6572 | inferencja=5.44 ms | parametry=23,809,543

[dokumentacja] Raport per-klasa zapisany: C:\Users\Kuba\PycharmProjects\wykrywanie_emocji\results\logs\transfer_resnet50_s1_raport_per_klasa.txt

Całkowity czas eksperymentu: 2113.8 s (35.2 min)
