======================================================================
  EKSPERYMENT: vit_seed2
======================================================================
Środowisko:
  data_uruchomienia: 2026-06-07 02:36:10
  system: Windows-10-10.0.19045-SP0
  python: 3.12.1
  procesor: Intel64 Family 6 Model 141 Stepping 1, GenuineIntel
  torch: 2.6.0+cu124
  cuda_dostepne: True
  gpu: NVIDIA GeForce RTX 3070 Laptop GPU
  gpu_pamiec_GB: 8.0
  wersja_torchvision: 0.21.0+cu124
  wersja_sklearn: 1.9.0
  wersja_xgboost: 3.3.0
  wersja_mediapipe: 0.10.35
  wersja_cv2: 4.13.0
  wersja_numpy: 2.5.0

Argumenty wywołania:
  --model: vit
  --data: ./fer2013
  --epochs: 50
  --batch_size: 64
  --lr: 0.001
  --tag: seed2
  --backbone: mobilenet_v2
  --variant: lite
  --classifier: svm
  --no_pretrained: False
  --seed: 2

Hiperparametry (TrainConfig):
  epochs: 50
  batch_size: 64
  lr: 0.001
  weight_decay: 0.0001
  patience: 10
  val_split: 0.1
  num_workers: 2
  use_class_weights: True
  label_smoothing: 0.05
  mixed_precision: True
  extra: {}
----------------------------------------------------------------------
Urządzenie: cuda
Liczności klas (train): [3613, 389, 3676, 6488, 4324, 2849, 4500]
[Transformer wizyjny (ViT-Lite)] epoka   1/50 | strata_tren=2.0444 strata_wal=2.0255 acc_wal=0.0965 f1_wal=0.0723 | 36.1s
[Transformer wizyjny (ViT-Lite)] epoka   2/50 | strata_tren=2.0409 strata_wal=2.0561 acc_wal=0.0456 f1_wal=0.0379 | 36.1s
[Transformer wizyjny (ViT-Lite)] epoka   3/50 | strata_tren=2.0380 strata_wal=2.0296 acc_wal=0.1108 f1_wal=0.0758 | 36.8s
[Transformer wizyjny (ViT-Lite)] epoka   4/50 | strata_tren=2.0284 strata_wal=2.0234 acc_wal=0.1035 f1_wal=0.0694 | 36.8s
[Transformer wizyjny (ViT-Lite)] epoka   5/50 | strata_tren=2.0244 strata_wal=2.0130 acc_wal=0.0742 f1_wal=0.0552 | 36.6s
[Transformer wizyjny (ViT-Lite)] epoka   6/50 | strata_tren=2.0181 strata_wal=2.0132 acc_wal=0.0509 f1_wal=0.0593 | 36.5s
[Transformer wizyjny (ViT-Lite)] epoka   7/50 | strata_tren=2.0127 strata_wal=1.9932 acc_wal=0.0930 f1_wal=0.0949 | 36.7s
[Transformer wizyjny (ViT-Lite)] epoka   8/50 | strata_tren=2.0099 strata_wal=1.9823 acc_wal=0.2540 f1_wal=0.1647 | 36.5s
[Transformer wizyjny (ViT-Lite)] epoka   9/50 | strata_tren=2.0012 strata_wal=1.9681 acc_wal=0.1390 f1_wal=0.1190 | 36.6s
[Transformer wizyjny (ViT-Lite)] epoka  10/50 | strata_tren=1.9922 strata_wal=1.9478 acc_wal=0.2202 f1_wal=0.1671 | 36.8s
[Transformer wizyjny (ViT-Lite)] epoka  11/50 | strata_tren=1.9829 strata_wal=1.9342 acc_wal=0.2767 f1_wal=0.2031 | 36.7s
[Transformer wizyjny (ViT-Lite)] epoka  12/50 | strata_tren=1.9774 strata_wal=1.9448 acc_wal=0.2962 f1_wal=0.2117 | 36.6s
[Transformer wizyjny (ViT-Lite)] epoka  13/50 | strata_tren=1.9689 strata_wal=1.9240 acc_wal=0.2449 f1_wal=0.2042 | 36.9s
[Transformer wizyjny (ViT-Lite)] epoka  14/50 | strata_tren=1.9633 strata_wal=1.9283 acc_wal=0.1321 f1_wal=0.1353 | 36.8s
[Transformer wizyjny (ViT-Lite)] epoka  15/50 | strata_tren=1.9598 strata_wal=1.9195 acc_wal=0.2833 f1_wal=0.2101 | 36.7s
[Transformer wizyjny (ViT-Lite)] epoka  16/50 | strata_tren=1.9524 strata_wal=1.9144 acc_wal=0.2739 f1_wal=0.2275 | 36.6s
[Transformer wizyjny (ViT-Lite)] epoka  17/50 | strata_tren=1.9512 strata_wal=1.9025 acc_wal=0.2697 f1_wal=0.2267 | 36.7s
[Transformer wizyjny (ViT-Lite)] epoka  18/50 | strata_tren=1.9414 strata_wal=1.8922 acc_wal=0.3178 f1_wal=0.2353 | 36.9s
[Transformer wizyjny (ViT-Lite)] epoka  19/50 | strata_tren=1.9355 strata_wal=1.8806 acc_wal=0.2554 f1_wal=0.2335 | 36.5s
[Transformer wizyjny (ViT-Lite)] epoka  20/50 | strata_tren=1.9295 strata_wal=1.8968 acc_wal=0.3174 f1_wal=0.2436 | 36.8s
[Transformer wizyjny (ViT-Lite)] epoka  21/50 | strata_tren=1.9278 strata_wal=1.8934 acc_wal=0.3105 f1_wal=0.2377 | 36.5s
[Transformer wizyjny (ViT-Lite)] epoka  22/50 | strata_tren=1.9240 strata_wal=1.8729 acc_wal=0.2997 f1_wal=0.2567 | 36.9s
[Transformer wizyjny (ViT-Lite)] epoka  23/50 | strata_tren=1.9162 strata_wal=1.8760 acc_wal=0.2864 f1_wal=0.2362 | 36.9s
[Transformer wizyjny (ViT-Lite)] epoka  24/50 | strata_tren=1.9162 strata_wal=1.8481 acc_wal=0.3390 f1_wal=0.2815 | 36.6s
[Transformer wizyjny (ViT-Lite)] epoka  25/50 | strata_tren=1.9029 strata_wal=1.8508 acc_wal=0.3206 f1_wal=0.2636 | 36.8s
[Transformer wizyjny (ViT-Lite)] epoka  26/50 | strata_tren=1.9051 strata_wal=1.8459 acc_wal=0.3185 f1_wal=0.2523 | 36.7s
[Transformer wizyjny (ViT-Lite)] epoka  27/50 | strata_tren=1.8996 strata_wal=1.8393 acc_wal=0.2794 f1_wal=0.2581 | 37.0s
[Transformer wizyjny (ViT-Lite)] epoka  28/50 | strata_tren=1.9032 strata_wal=1.8370 acc_wal=0.3052 f1_wal=0.2650 | 36.7s
[Transformer wizyjny (ViT-Lite)] epoka  29/50 | strata_tren=1.8914 strata_wal=1.8317 acc_wal=0.3338 f1_wal=0.2761 | 36.9s
[Transformer wizyjny (ViT-Lite)] epoka  30/50 | strata_tren=1.8895 strata_wal=1.8416 acc_wal=0.3704 f1_wal=0.2886 | 36.5s
[Transformer wizyjny (ViT-Lite)] epoka  31/50 | strata_tren=1.8864 strata_wal=1.8213 acc_wal=0.3373 f1_wal=0.2803 | 36.5s
[Transformer wizyjny (ViT-Lite)] epoka  32/50 | strata_tren=1.8836 strata_wal=1.8098 acc_wal=0.3042 f1_wal=0.2651 | 36.6s
[Transformer wizyjny (ViT-Lite)] epoka  33/50 | strata_tren=1.8802 strata_wal=1.8166 acc_wal=0.3526 f1_wal=0.2916 | 36.6s
[Transformer wizyjny (ViT-Lite)] epoka  34/50 | strata_tren=1.8746 strata_wal=1.8162 acc_wal=0.3481 f1_wal=0.2931 | 36.9s
[Transformer wizyjny (ViT-Lite)] epoka  35/50 | strata_tren=1.8694 strata_wal=1.8075 acc_wal=0.3380 f1_wal=0.2831 | 36.9s
[Transformer wizyjny (ViT-Lite)] epoka  36/50 | strata_tren=1.8670 strata_wal=1.7980 acc_wal=0.3613 f1_wal=0.2908 | 37.0s
[Transformer wizyjny (ViT-Lite)] epoka  37/50 | strata_tren=1.8625 strata_wal=1.7896 acc_wal=0.3589 f1_wal=0.3054 | 36.9s
[Transformer wizyjny (ViT-Lite)] epoka  38/50 | strata_tren=1.8592 strata_wal=1.7937 acc_wal=0.3606 f1_wal=0.3051 | 36.8s
[Transformer wizyjny (ViT-Lite)] epoka  39/50 | strata_tren=1.8584 strata_wal=1.7983 acc_wal=0.3599 f1_wal=0.2902 | 36.7s
[Transformer wizyjny (ViT-Lite)] epoka  40/50 | strata_tren=1.8585 strata_wal=1.7946 acc_wal=0.3557 f1_wal=0.2932 | 36.7s
[Transformer wizyjny (ViT-Lite)] epoka  41/50 | strata_tren=1.8575 strata_wal=1.7938 acc_wal=0.3627 f1_wal=0.2923 | 36.6s
[Transformer wizyjny (ViT-Lite)] epoka  42/50 | strata_tren=1.8551 strata_wal=1.7780 acc_wal=0.3666 f1_wal=0.3101 | 36.7s
[Transformer wizyjny (ViT-Lite)] epoka  43/50 | strata_tren=1.8549 strata_wal=1.7817 acc_wal=0.3662 f1_wal=0.3066 | 36.4s
[Transformer wizyjny (ViT-Lite)] epoka  44/50 | strata_tren=1.8507 strata_wal=1.7828 acc_wal=0.3679 f1_wal=0.3039 | 36.6s
[Transformer wizyjny (ViT-Lite)] epoka  45/50 | strata_tren=1.8462 strata_wal=1.7799 acc_wal=0.3620 f1_wal=0.3057 | 36.7s
[Transformer wizyjny (ViT-Lite)] epoka  46/50 | strata_tren=1.8476 strata_wal=1.7791 acc_wal=0.3638 f1_wal=0.3079 | 36.5s
[Transformer wizyjny (ViT-Lite)] epoka  47/50 | strata_tren=1.8461 strata_wal=1.7794 acc_wal=0.3659 f1_wal=0.3062 | 36.5s
[Transformer wizyjny (ViT-Lite)] epoka  48/50 | strata_tren=1.8476 strata_wal=1.7792 acc_wal=0.3676 f1_wal=0.3073 | 36.8s
[Transformer wizyjny (ViT-Lite)] epoka  49/50 | strata_tren=1.8464 strata_wal=1.7786 acc_wal=0.3686 f1_wal=0.3090 | 36.6s
[Transformer wizyjny (ViT-Lite)] epoka  50/50 | strata_tren=1.8455 strata_wal=1.7787 acc_wal=0.3690 f1_wal=0.3095 | 36.5s

=== EWALUACJA (zbiór testowy) ===
              precision    recall  f1-score   support

       złość     0.2679    0.0741    0.1161       958
      wstręt     0.0470    0.5586    0.0867       111
      strach     0.2584    0.0674    0.1069      1024
      radość     0.6176    0.5936    0.6053      1774
      smutek     0.3383    0.3087    0.3229      1247
 zaskoczenie     0.4569    0.6570    0.5390       831
   neutralny     0.3812    0.3982    0.3895      1233

    accuracy                         0.3729      7178
   macro avg     0.3382    0.3797    0.3095      7178
weighted avg     0.4031    0.3729    0.3671      7178

Accuracy=0.3729 | F1-macro=0.3095 | inferencja=1.96 ms | parametry=1,006,599

[dokumentacja] Raport per-klasa zapisany: C:\Users\Kuba\PycharmProjects\wykrywanie_emocji\results\logs\vit_seed2_raport_per_klasa.txt

Całkowity czas eksperymentu: 1854.6 s (30.9 min)
